// Jest Snapshot v1, https://goo.gl/fbAQLP

exports[`Reducers (Repos) sets the repos state 1`] = `
Object {
  "data": Array [
    Array [
      "repo1",
      2,
    ],
  ],
  "error": null,
  "isLoading": false,
}
`;
