// Jest Snapshot v1, https://goo.gl/fbAQLP

exports[`<Link /> matches the snapshot 1`] = `
<Styled(NavLink)
  to="/r/repo1"
>
  <Styled(Octicon)
    name="repo"
  />
  repo1
   
  (
  <styled.span
    title="number of contributors"
  >
    10
  </styled.span>
  )
</Styled(NavLink)>
`;
